 Container pf-api-sentinel-review-20260921t064944662185z-jaeger-1 Stopping 
 Container pf-api-sentinel-review-20260921t064944662185z-alertmanager-1 Stopping 
 Container pf-api-sentinel-review-20260921t064944662185z-proxy-1 Stopping 
 Container pf-api-sentinel-review-20260921t064944662185z-receiver-1 Stopping 
 Container pf-api-sentinel-review-20260921t064944662185z-prometheus-1 Stopping 
 Container pf-api-sentinel-review-20260921t064944662185z-erp-1 Stopping 
 Container pf-api-sentinel-review-20260921t064944662185z-grafana-1 Stopping 
 Container pf-api-sentinel-review-20260921t064944662185z-jaeger-1 Stopped 
 Container pf-api-sentinel-review-20260921t064944662185z-jaeger-1 Removing 
 Container pf-api-sentinel-review-20260921t064944662185z-jaeger-1 Removed 
 Container pf-api-sentinel-review-20260921t064944662185z-alertmanager-1 Stopped 
 Container pf-api-sentinel-review-20260921t064944662185z-alertmanager-1 Removing 
 Container pf-api-sentinel-review-20260921t064944662185z-alertmanager-1 Removed 
 Container pf-api-sentinel-review-20260921t064944662185z-prometheus-1 Stopped 
 Container pf-api-sentinel-review-20260921t064944662185z-prometheus-1 Removing 
 Container pf-api-sentinel-review-20260921t064944662185z-prometheus-1 Removed 
 Container pf-api-sentinel-review-20260921t064944662185z-grafana-1 Stopped 
 Container pf-api-sentinel-review-20260921t064944662185z-grafana-1 Removing 
 Container pf-api-sentinel-review-20260921t064944662185z-grafana-1 Removed 
 Container pf-api-sentinel-review-20260921t064944662185z-proxy-1 Stopped 
 Container pf-api-sentinel-review-20260921t064944662185z-proxy-1 Removing 
 Container pf-api-sentinel-review-20260921t064944662185z-proxy-1 Removed 
 Container pf-api-sentinel-review-20260921t064944662185z-api-1 Stopping 
 Container pf-api-sentinel-review-20260921t064944662185z-api-2 Stopping 
 Container pf-api-sentinel-review-20260921t064944662185z-erp-1 Stopped 
 Container pf-api-sentinel-review-20260921t064944662185z-erp-1 Removing 
 Container pf-api-sentinel-review-20260921t064944662185z-erp-1 Removed 
 Container pf-api-sentinel-review-20260921t064944662185z-receiver-1 Stopped 
 Container pf-api-sentinel-review-20260921t064944662185z-receiver-1 Removing 
 Container pf-api-sentinel-review-20260921t064944662185z-receiver-1 Removed 
 Container pf-api-sentinel-review-20260921t064944662185z-api-1 Stopped 
 Container pf-api-sentinel-review-20260921t064944662185z-api-1 Removing 
 Container pf-api-sentinel-review-20260921t064944662185z-api-1 Removed 
 Container pf-api-sentinel-review-20260921t064944662185z-api-2 Stopped 
 Container pf-api-sentinel-review-20260921t064944662185z-api-2 Removing 
 Container pf-api-sentinel-review-20260921t064944662185z-api-2 Removed 
 Container pf-api-sentinel-review-20260921t064944662185z-postgres-1 Stopping 
 Container pf-api-sentinel-review-20260921t064944662185z-redis-1 Stopping 
 Container pf-api-sentinel-review-20260921t064944662185z-postgres-1 Stopped 
 Container pf-api-sentinel-review-20260921t064944662185z-postgres-1 Removing 
 Container pf-api-sentinel-review-20260921t064944662185z-postgres-1 Removed 
 Container pf-api-sentinel-review-20260921t064944662185z-redis-1 Stopped 
 Container pf-api-sentinel-review-20260921t064944662185z-redis-1 Removing 
 Container pf-api-sentinel-review-20260921t064944662185z-redis-1 Removed 
 Volume pf-api-sentinel-review-20260921t064944662185z_grafana-data Removing 
 Volume pf-api-sentinel-review-20260921t064944662185z_alertmanager-data Removing 
 Volume pf-api-sentinel-review-20260921t064944662185z_prometheus-data Removing 
 Network pf-api-sentinel-review-20260921t064944662185z_default Removing 
 Volume pf-api-sentinel-review-20260921t064944662185z_grafana-data Removed 
 Volume pf-api-sentinel-review-20260921t064944662185z_receiver-data Removing 
 Volume pf-api-sentinel-review-20260921t064944662185z_postgres-data Removing 
 Volume pf-api-sentinel-review-20260921t064944662185z_secrets Removing 
 Volume pf-api-sentinel-review-20260921t064944662185z_faults Removing 
 Volume pf-api-sentinel-review-20260921t064944662185z_alertmanager-data Removed 
 Volume pf-api-sentinel-review-20260921t064944662185z_prometheus-data Removed 
 Volume pf-api-sentinel-review-20260921t064944662185z_receiver-data Removed 
 Volume pf-api-sentinel-review-20260921t064944662185z_secrets Removed 
 Volume pf-api-sentinel-review-20260921t064944662185z_postgres-data Removed 
 Volume pf-api-sentinel-review-20260921t064944662185z_faults Removed 
 Network pf-api-sentinel-review-20260921t064944662185z_default Removed 
