
         /\      Grafana   /‾‾/  
    /\  /  \     |\  __   /  /   
   /  \/    \    | |/ /  /   ‾‾\ 
  /          \   |   (  |  (‾)  |
 / __________ \  |_|\_\  \_____/ 

     execution: local
        script: /load/review.js
        output: -

     scenarios: (100.00%) 2 scenarios, 24 max VUs, 14s max duration (incl. graceful stop):
              * hot: 60.00 iterations/s for 10s (maxVUs: 20, exec: hot, gracefulStop: 4s)
              * normal: 5.00 iterations/s for 10s (maxVUs: 4, exec: normal, gracefulStop: 4s)


running (01.0s), 00/24 VUs, 65 complete and 0 interrupted iterations
hot      [  10% ] 00/20 VUs  01.0s/10s  60.00 iters/s
normal   [  10% ] 0/4 VUs    01.0s/10s  5.00 iters/s

running (02.0s), 00/24 VUs, 130 complete and 0 interrupted iterations
hot      [  20% ] 00/20 VUs  02.0s/10s  60.00 iters/s
normal   [  20% ] 0/4 VUs    02.0s/10s  5.00 iters/s

running (03.0s), 00/24 VUs, 195 complete and 0 interrupted iterations
hot      [  30% ] 00/20 VUs  03.0s/10s  60.00 iters/s
normal   [  30% ] 0/4 VUs    03.0s/10s  5.00 iters/s

running (04.0s), 00/24 VUs, 260 complete and 0 interrupted iterations
hot      [  40% ] 00/20 VUs  04.0s/10s  60.00 iters/s
normal   [  40% ] 0/4 VUs    04.0s/10s  5.00 iters/s

running (05.0s), 00/24 VUs, 325 complete and 0 interrupted iterations
hot      [  50% ] 00/20 VUs  05.0s/10s  60.00 iters/s
normal   [  50% ] 0/4 VUs    05.0s/10s  5.00 iters/s

running (06.0s), 00/24 VUs, 390 complete and 0 interrupted iterations
hot      [  60% ] 00/20 VUs  06.0s/10s  60.00 iters/s
normal   [  60% ] 0/4 VUs    06.0s/10s  5.00 iters/s

running (07.0s), 00/24 VUs, 455 complete and 0 interrupted iterations
hot      [  70% ] 00/20 VUs  07.0s/10s  60.00 iters/s
normal   [  70% ] 0/4 VUs    07.0s/10s  5.00 iters/s

running (08.0s), 00/24 VUs, 520 complete and 0 interrupted iterations
hot      [  80% ] 00/20 VUs  08.0s/10s  60.00 iters/s
normal   [  80% ] 0/4 VUs    08.0s/10s  5.00 iters/s

running (09.0s), 00/24 VUs, 585 complete and 0 interrupted iterations
hot      [  90% ] 00/20 VUs  09.0s/10s  60.00 iters/s
normal   [  90% ] 0/4 VUs    09.0s/10s  5.00 iters/s

running (10.0s), 00/24 VUs, 650 complete and 0 interrupted iterations
hot      [ 100% ] 00/20 VUs  10.0s/10s  60.00 iters/s
normal   [ 100% ] 0/4 VUs    10.0s/10s  5.00 iters/s
{"seconds":10,"started":652,"dropped":0,"categories":{"tenant_a_capacity":0,"tenant_a_invalid":0,"tenant_a_other":0,"tenant_b_quota":0,"tenant_b_invalid":0,"tenant_b_other":0,"tenant_a_valid":300,"tenant_a_erp_failure":0,"tenant_b_valid":51,"tenant_b_capacity":0,"tenant_b_erp_failure":0,"tenant_a_quota":301},"scenario":"tenant-isolation","mode":"isolation","offered_per_second":65,"nominal_offered":650,"completed":652,"oracle_sha256":"3f9cb7ff3eff723d3f2ae377c06bb9661a9da0e840c145b8958eafa481cc3a32"}

running (10.0s), 00/24 VUs, 652 complete and 0 interrupted iterations
hot    ✓ [ 100% ] 00/20 VUs  10s  60.00 iters/s
normal ✓ [ 100% ] 0/4 VUs    10s  5.00 iters/s
 Container pf-api-sentinel-review-20260921t064944662185z-k6-run-a5e5b72ff796 Creating 
 Container pf-api-sentinel-review-20260921t064944662185z-k6-run-a5e5b72ff796 Created 
