
         /\      Grafana   /‾‾/  
    /\  /  \     |\  __   /  /   
   /  \/    \    | |/ /  /   ‾‾\ 
  /          \   |   (  |  (‾)  |
 / __________ \  |_|\_\  \_____/ 

     execution: local
        script: /load/review.js
        output: -

     scenarios: (100.00%) 1 scenario, 16 max VUs, 14s max duration (incl. graceful stop):
              * mixed: 10.00 iterations/s for 10s (maxVUs: 16, exec: mixed, gracefulStop: 4s)


running (01.0s), 00/16 VUs, 10 complete and 0 interrupted iterations
mixed   [  10% ] 00/16 VUs  01.0s/10s  10.00 iters/s

running (02.0s), 00/16 VUs, 20 complete and 0 interrupted iterations
mixed   [  20% ] 00/16 VUs  02.0s/10s  10.00 iters/s

running (03.0s), 00/16 VUs, 30 complete and 0 interrupted iterations
mixed   [  30% ] 00/16 VUs  03.0s/10s  10.00 iters/s

running (04.0s), 00/16 VUs, 40 complete and 0 interrupted iterations
mixed   [  40% ] 00/16 VUs  04.0s/10s  10.00 iters/s

running (05.0s), 00/16 VUs, 50 complete and 0 interrupted iterations
mixed   [  50% ] 00/16 VUs  05.0s/10s  10.00 iters/s

running (06.0s), 00/16 VUs, 60 complete and 0 interrupted iterations
mixed   [  60% ] 00/16 VUs  06.0s/10s  10.00 iters/s

running (07.0s), 00/16 VUs, 70 complete and 0 interrupted iterations
mixed   [  70% ] 00/16 VUs  07.0s/10s  10.00 iters/s

running (08.0s), 00/16 VUs, 80 complete and 0 interrupted iterations
mixed   [  80% ] 00/16 VUs  08.0s/10s  10.00 iters/s

running (09.0s), 00/16 VUs, 90 complete and 0 interrupted iterations
mixed   [  90% ] 00/16 VUs  09.0s/10s  10.00 iters/s

running (10.0s), 00/16 VUs, 100 complete and 0 interrupted iterations
mixed   [ 100% ] 00/16 VUs  10.0s/10s  10.00 iters/s
{"offered_per_second":10,"started":101,"dropped":0,"seconds":10,"nominal_offered":100,"completed":101,"categories":{"tenant_a_erp_failure":0,"tenant_b_valid":50,"tenant_b_quota":0,"tenant_b_capacity":0,"tenant_b_other":0,"tenant_a_valid":51,"tenant_a_quota":0,"tenant_a_capacity":0,"tenant_a_invalid":0,"tenant_a_other":0,"tenant_b_erp_failure":0,"tenant_b_invalid":0},"oracle_sha256":"3f9cb7ff3eff723d3f2ae377c06bb9661a9da0e840c145b8958eafa481cc3a32","scenario":"mixed-recovered","mode":"mixed"}

running (10.0s), 00/16 VUs, 101 complete and 0 interrupted iterations
mixed ✓ [ 100% ] 00/16 VUs  10s  10.00 iters/s
 Container pf-api-sentinel-review-20260921t064944662185z-k6-run-256ceacd2301 Creating 
 Container pf-api-sentinel-review-20260921t064944662185z-k6-run-256ceacd2301 Created 
