
         /\      Grafana   /‾‾/  
    /\  /  \     |\  __   /  /   
   /  \/    \    | |/ /  /   ‾‾\ 
  /          \   |   (  |  (‾)  |
 / __________ \  |_|\_\  \_____/ 

     execution: local
        script: /load/review.js
        output: -

     scenarios: (100.00%) 1 scenario, 16 max VUs, 19s max duration (incl. graceful stop):
              * mixed: 10.00 iterations/s for 15s (maxVUs: 16, exec: mixed, gracefulStop: 4s)


running (01.0s), 02/16 VUs, 8 complete and 0 interrupted iterations
mixed   [   7% ] 02/16 VUs  01.0s/15s  10.00 iters/s

running (02.0s), 02/16 VUs, 18 complete and 0 interrupted iterations
mixed   [  13% ] 02/16 VUs  02.0s/15s  10.00 iters/s

running (03.0s), 02/16 VUs, 28 complete and 0 interrupted iterations
mixed   [  20% ] 02/16 VUs  03.0s/15s  10.00 iters/s

running (04.0s), 01/16 VUs, 39 complete and 0 interrupted iterations
mixed   [  27% ] 01/16 VUs  04.0s/15s  10.00 iters/s

running (05.0s), 00/16 VUs, 50 complete and 0 interrupted iterations
mixed   [  33% ] 00/16 VUs  05.0s/15s  10.00 iters/s

running (06.0s), 00/16 VUs, 60 complete and 0 interrupted iterations
mixed   [  40% ] 00/16 VUs  06.0s/15s  10.00 iters/s

running (07.0s), 00/16 VUs, 70 complete and 0 interrupted iterations
mixed   [  47% ] 00/16 VUs  07.0s/15s  10.00 iters/s

running (08.0s), 02/16 VUs, 78 complete and 0 interrupted iterations
mixed   [  53% ] 02/16 VUs  08.0s/15s  10.00 iters/s

running (09.0s), 00/16 VUs, 90 complete and 0 interrupted iterations
mixed   [  60% ] 00/16 VUs  09.0s/15s  10.00 iters/s

running (10.0s), 00/16 VUs, 100 complete and 0 interrupted iterations
mixed   [  67% ] 00/16 VUs  10.0s/15s  10.00 iters/s

running (11.0s), 00/16 VUs, 110 complete and 0 interrupted iterations
mixed   [  73% ] 00/16 VUs  11.0s/15s  10.00 iters/s

running (12.0s), 02/16 VUs, 118 complete and 0 interrupted iterations
mixed   [  80% ] 02/16 VUs  12.0s/15s  10.00 iters/s

running (13.0s), 00/16 VUs, 130 complete and 0 interrupted iterations
mixed   [  87% ] 00/16 VUs  13.0s/15s  10.00 iters/s

running (14.0s), 00/16 VUs, 140 complete and 0 interrupted iterations
mixed   [  93% ] 00/16 VUs  14.0s/15s  10.00 iters/s

running (15.0s), 00/16 VUs, 150 complete and 0 interrupted iterations
mixed   [ 100% ] 00/16 VUs  15.0s/15s  10.00 iters/s
{"nominal_offered":150,"started":151,"completed":151,"mode":"degraded","offered_per_second":10,"dropped":0,"categories":{"tenant_a_quota":0,"tenant_a_capacity":0,"tenant_a_erp_failure":19,"tenant_b_valid":57,"tenant_b_quota":0,"tenant_b_erp_failure":18,"tenant_b_invalid":0,"tenant_a_valid":57,"tenant_a_invalid":0,"tenant_a_other":0,"tenant_b_capacity":0,"tenant_b_other":0},"oracle_sha256":"3f9cb7ff3eff723d3f2ae377c06bb9661a9da0e840c145b8958eafa481cc3a32","scenario":"mixed-erp-degraded","seconds":15}

running (15.0s), 00/16 VUs, 151 complete and 0 interrupted iterations
mixed ✓ [ 100% ] 00/16 VUs  15s  10.00 iters/s
 Container pf-api-sentinel-review-20260921t064944662185z-k6-run-9acc7aa2980b Creating 
 Container pf-api-sentinel-review-20260921t064944662185z-k6-run-9acc7aa2980b Created 
