
         /\      Grafana   /‾‾/  
    /\  /  \     |\  __   /  /   
   /  \/    \    | |/ /  /   ‾‾\ 
  /          \   |   (  |  (‾)  |
 / __________ \  |_|\_\  \_____/ 

     execution: local
        script: /load/review.js
        output: -

     scenarios: (100.00%) 1 scenario, 20 max VUs, 14s max duration (incl. graceful stop):
              * hot: 60.00 iterations/s for 10s (maxVUs: 20, exec: hot, gracefulStop: 4s)


running (01.0s), 00/20 VUs, 58 complete and 0 interrupted iterations
hot    [  10% ] 00/20 VUs  01.0s/10s  60.00 iters/s

running (02.0s), 00/20 VUs, 118 complete and 0 interrupted iterations
hot    [  20% ] 00/20 VUs  02.0s/10s  60.00 iters/s

running (03.0s), 00/20 VUs, 178 complete and 0 interrupted iterations
hot    [  30% ] 00/20 VUs  03.0s/10s  60.00 iters/s

running (04.0s), 00/20 VUs, 238 complete and 0 interrupted iterations
hot    [  40% ] 00/20 VUs  04.0s/10s  60.00 iters/s

running (05.0s), 00/20 VUs, 298 complete and 0 interrupted iterations
hot    [  50% ] 00/20 VUs  05.0s/10s  60.00 iters/s

running (06.0s), 00/20 VUs, 358 complete and 0 interrupted iterations
hot    [  60% ] 00/20 VUs  06.0s/10s  60.00 iters/s

running (07.0s), 00/20 VUs, 418 complete and 0 interrupted iterations
hot    [  70% ] 00/20 VUs  07.0s/10s  60.00 iters/s

running (08.0s), 00/20 VUs, 478 complete and 0 interrupted iterations
hot    [  80% ] 00/20 VUs  08.0s/10s  60.00 iters/s

running (09.0s), 00/20 VUs, 538 complete and 0 interrupted iterations
hot    [  90% ] 00/20 VUs  09.0s/10s  60.00 iters/s

running (10.0s), 00/20 VUs, 598 complete and 0 interrupted iterations
hot    [ 100% ] 00/20 VUs  10.0s/10s  60.00 iters/s
{"categories":{"tenant_b_capacity":0,"tenant_b_erp_failure":0,"tenant_a_erp_failure":0,"tenant_a_other":0,"tenant_b_invalid":0,"tenant_b_other":0,"tenant_a_valid":300,"tenant_a_quota":301,"tenant_a_capacity":0,"tenant_a_invalid":0,"tenant_b_valid":0,"tenant_b_quota":0},"oracle_sha256":"3f9cb7ff3eff723d3f2ae377c06bb9661a9da0e840c145b8958eafa481cc3a32","scenario":"quota-two","mode":"quota","completed":601,"dropped":0,"seconds":10,"offered_per_second":60,"nominal_offered":600,"started":601}

running (10.0s), 00/20 VUs, 601 complete and 0 interrupted iterations
hot  ✓ [ 100% ] 00/20 VUs  10s  60.00 iters/s
 Container pf-api-sentinel-review-20260921t064944662185z-k6-run-4716d8b9609b Creating 
 Container pf-api-sentinel-review-20260921t064944662185z-k6-run-4716d8b9609b Created 
