
         /\      Grafana   /‾‾/  
    /\  /  \     |\  __   /  /   
   /  \/    \    | |/ /  /   ‾‾\ 
  /          \   |   (  |  (‾)  |
 / __________ \  |_|\_\  \_____/ 

     execution: local
        script: /load/review.js
        output: -

     scenarios: (100.00%) 1 scenario, 20 max VUs, 14s max duration (incl. graceful stop):
              * hot: 60.00 iterations/s for 10s (maxVUs: 20, exec: hot, gracefulStop: 4s)


running (01.0s), 00/20 VUs, 60 complete and 0 interrupted iterations
hot    [  10% ] 00/20 VUs  01.0s/10s  60.00 iters/s

running (02.0s), 00/20 VUs, 120 complete and 0 interrupted iterations
hot    [  20% ] 00/20 VUs  02.0s/10s  60.00 iters/s

running (03.0s), 00/20 VUs, 180 complete and 0 interrupted iterations
hot    [  30% ] 00/20 VUs  03.0s/10s  60.00 iters/s

running (04.0s), 00/20 VUs, 240 complete and 0 interrupted iterations
hot    [  40% ] 00/20 VUs  04.0s/10s  60.00 iters/s

running (05.0s), 00/20 VUs, 300 complete and 0 interrupted iterations
hot    [  50% ] 00/20 VUs  05.0s/10s  60.00 iters/s

running (06.0s), 00/20 VUs, 360 complete and 0 interrupted iterations
hot    [  60% ] 00/20 VUs  06.0s/10s  60.00 iters/s

running (07.0s), 00/20 VUs, 420 complete and 0 interrupted iterations
hot    [  70% ] 00/20 VUs  07.0s/10s  60.00 iters/s

running (08.0s), 00/20 VUs, 480 complete and 0 interrupted iterations
hot    [  80% ] 00/20 VUs  08.0s/10s  60.00 iters/s

running (09.0s), 00/20 VUs, 540 complete and 0 interrupted iterations
hot    [  90% ] 00/20 VUs  09.0s/10s  60.00 iters/s

running (10.0s), 00/20 VUs, 600 complete and 0 interrupted iterations
hot    [ 100% ] 00/20 VUs  10.0s/10s  60.00 iters/s
{"seconds":10,"completed":601,"categories":{"tenant_a_valid":300,"tenant_a_quota":301,"tenant_a_capacity":0,"tenant_a_erp_failure":0,"tenant_a_invalid":0,"tenant_b_quota":0,"tenant_b_capacity":0,"tenant_b_invalid":0,"tenant_a_other":0,"tenant_b_valid":0,"tenant_b_erp_failure":0,"tenant_b_other":0},"oracle_sha256":"3f9cb7ff3eff723d3f2ae377c06bb9661a9da0e840c145b8958eafa481cc3a32","scenario":"quota-one","mode":"quota","offered_per_second":60,"nominal_offered":600,"started":601,"dropped":0}

running (10.0s), 00/20 VUs, 601 complete and 0 interrupted iterations
hot  ✓ [ 100% ] 00/20 VUs  10s  60.00 iters/s
 Container pf-api-sentinel-review-20260921t064944662185z-k6-run-6cf96d67bf80 Creating 
 Container pf-api-sentinel-review-20260921t064944662185z-k6-run-6cf96d67bf80 Created 
