
         /\      Grafana   /‾‾/  
    /\  /  \     |\  __   /  /   
   /  \/    \    | |/ /  /   ‾‾\ 
  /          \   |   (  |  (‾)  |
 / __________ \  |_|\_\  \_____/ 

     execution: local
        script: /load/steady.js
        output: -

     scenarios: (100.00%) 1 scenario, 24 max VUs, 14s max duration (incl. graceful stop):
              * queries: 10.00 iterations/s for 10s (maxVUs: 8-24, gracefulStop: 4s)


running (01.0s), 00/08 VUs, 10 complete and 0 interrupted iterations
queries   [  10% ] 00/08 VUs  01.0s/10s  10.00 iters/s

running (02.0s), 00/08 VUs, 20 complete and 0 interrupted iterations
queries   [  20% ] 00/08 VUs  02.0s/10s  10.00 iters/s

running (03.0s), 00/08 VUs, 30 complete and 0 interrupted iterations
queries   [  30% ] 00/08 VUs  03.0s/10s  10.00 iters/s

running (04.0s), 00/08 VUs, 40 complete and 0 interrupted iterations
queries   [  40% ] 00/08 VUs  04.0s/10s  10.00 iters/s

running (05.0s), 00/08 VUs, 50 complete and 0 interrupted iterations
queries   [  50% ] 00/08 VUs  05.0s/10s  10.00 iters/s

running (06.0s), 00/08 VUs, 60 complete and 0 interrupted iterations
queries   [  60% ] 00/08 VUs  06.0s/10s  10.00 iters/s

running (07.0s), 00/08 VUs, 70 complete and 0 interrupted iterations
queries   [  70% ] 00/08 VUs  07.0s/10s  10.00 iters/s

running (08.0s), 00/08 VUs, 80 complete and 0 interrupted iterations
queries   [  80% ] 00/08 VUs  08.0s/10s  10.00 iters/s

running (09.0s), 00/08 VUs, 90 complete and 0 interrupted iterations
queries   [  90% ] 00/08 VUs  09.0s/10s  10.00 iters/s

running (10.0s), 00/08 VUs, 100 complete and 0 interrupted iterations
queries   [ 100% ] 00/08 VUs  10.0s/10s  10.00 iters/s
{"scenario":"traces-down","rate":10,"completed":100,"dropped":0,"accepted":100,"quota":0,"service":0,"success_latency":{"p(99)":9.357142930000043,"max":17.66878,"avg":6.81993099,"min":5.67905,"med":6.585755000000001,"p(95)":8.283609349999999}}

running (10.0s), 00/08 VUs, 100 complete and 0 interrupted iterations
queries ✓ [ 100% ] 00/08 VUs  10s  10.00 iters/s
 Container pf-api-sentinel-review-20260921t064944662185z-k6-run-30b5ca1484a3 Creating 
 Container pf-api-sentinel-review-20260921t064944662185z-k6-run-30b5ca1484a3 Created 
