
         /\      Grafana   /‾‾/  
    /\  /  \     |\  __   /  /   
   /  \/    \    | |/ /  /   ‾‾\ 
  /          \   |   (  |  (‾)  |
 / __________ \  |_|\_\  \_____/ 

     execution: local
        script: /load/steady.js
        output: -

     scenarios: (100.00%) 1 scenario, 24 max VUs, 14s max duration (incl. graceful stop):
              * queries: 20.00 iterations/s for 10s (maxVUs: 24, gracefulStop: 4s)


running (01.0s), 11/24 VUs, 9 complete and 0 interrupted iterations
queries   [  10% ] 11/24 VUs  01.0s/10s  20.00 iters/s

running (02.0s), 11/24 VUs, 29 complete and 0 interrupted iterations
queries   [  20% ] 11/24 VUs  02.0s/10s  20.00 iters/s

running (03.0s), 11/24 VUs, 49 complete and 0 interrupted iterations
queries   [  30% ] 11/24 VUs  03.0s/10s  20.00 iters/s

running (04.0s), 12/24 VUs, 68 complete and 0 interrupted iterations
queries   [  40% ] 12/24 VUs  04.0s/10s  20.00 iters/s

running (05.0s), 10/24 VUs, 90 complete and 0 interrupted iterations
queries   [  50% ] 10/24 VUs  05.0s/10s  20.00 iters/s

running (06.0s), 11/24 VUs, 109 complete and 0 interrupted iterations
queries   [  60% ] 11/24 VUs  06.0s/10s  20.00 iters/s

running (07.0s), 12/24 VUs, 128 complete and 0 interrupted iterations
queries   [  70% ] 12/24 VUs  07.0s/10s  20.00 iters/s

running (08.0s), 12/24 VUs, 148 complete and 0 interrupted iterations
queries   [  80% ] 12/24 VUs  08.0s/10s  20.00 iters/s

running (09.0s), 09/24 VUs, 171 complete and 0 interrupted iterations
queries   [  90% ] 09/24 VUs  09.0s/10s  20.00 iters/s

running (10.0s), 11/24 VUs, 189 complete and 0 interrupted iterations
queries   [ 100% ] 11/24 VUs  10.0s/10s  20.00 iters/s
{"scenario":"pool-pressure","rate":20,"completed":201,"dropped":0,"accepted":0,"quota":0,"service":201,"success_latency":{}}

running (10.9s), 00/24 VUs, 201 complete and 0 interrupted iterations
queries ✓ [ 100% ] 00/24 VUs  10s  20.00 iters/s
 Container pf-api-sentinel-review-20260921t064944662185z-k6-run-d31cd49eb557 Creating 
 Container pf-api-sentinel-review-20260921t064944662185z-k6-run-d31cd49eb557 Created 
