 Container pf-api-sentinel-review-20260921t064944662185z-postgres-1 Running 
 Container pf-api-sentinel-review-20260921t064944662185z-redis-1 Running 
 Volume pf-api-sentinel-review-20260921t064944662185z_prometheus-data Creating 
 Container pf-api-sentinel-review-20260921t064944662185z-api-2 Creating 
 Container pf-api-sentinel-review-20260921t064944662185z-erp-1 Creating 
 Container pf-api-sentinel-review-20260921t064944662185z-jaeger-1 Creating 
 Volume pf-api-sentinel-review-20260921t064944662185z_prometheus-data Creating 
 Volume pf-api-sentinel-review-20260921t064944662185z_alertmanager-data Creating 
 Volume pf-api-sentinel-review-20260921t064944662185z_alertmanager-data Creating 
 Volume pf-api-sentinel-review-20260921t064944662185z_grafana-data Creating 
 Volume pf-api-sentinel-review-20260921t064944662185z_grafana-data Creating 
 Container pf-api-sentinel-review-20260921t064944662185z-receiver-1 Creating 
 Container pf-api-sentinel-review-20260921t064944662185z-api-1 Creating 
 Volume pf-api-sentinel-review-20260921t064944662185z_alertmanager-data Created 
 Volume pf-api-sentinel-review-20260921t064944662185z_alertmanager-data Created 
 Container pf-api-sentinel-review-20260921t064944662185z-alertmanager-1 Creating 
 Volume pf-api-sentinel-review-20260921t064944662185z_prometheus-data Created 
 Volume pf-api-sentinel-review-20260921t064944662185z_prometheus-data Created 
 Container pf-api-sentinel-review-20260921t064944662185z-prometheus-1 Creating 
 Volume pf-api-sentinel-review-20260921t064944662185z_grafana-data Created 
 Volume pf-api-sentinel-review-20260921t064944662185z_grafana-data Created 
 Container pf-api-sentinel-review-20260921t064944662185z-grafana-1 Creating 
 Container pf-api-sentinel-review-20260921t064944662185z-api-2 Created 
 Container pf-api-sentinel-review-20260921t064944662185z-proxy-1 Creating 
 Container pf-api-sentinel-review-20260921t064944662185z-jaeger-1 Created 
 Container pf-api-sentinel-review-20260921t064944662185z-alertmanager-1 Created 
 Container pf-api-sentinel-review-20260921t064944662185z-erp-1 Created 
 Container pf-api-sentinel-review-20260921t064944662185z-prometheus-1 Created 
 Container pf-api-sentinel-review-20260921t064944662185z-receiver-1 Created 
 Container pf-api-sentinel-review-20260921t064944662185z-grafana-1 Created 
 Container pf-api-sentinel-review-20260921t064944662185z-api-1 Created 
 Container pf-api-sentinel-review-20260921t064944662185z-proxy-1 Created 
 Container pf-api-sentinel-review-20260921t064944662185z-prometheus-1 Starting 
 Container pf-api-sentinel-review-20260921t064944662185z-grafana-1 Starting 
 Container pf-api-sentinel-review-20260921t064944662185z-alertmanager-1 Starting 
 Container pf-api-sentinel-review-20260921t064944662185z-erp-1 Starting 
 Container pf-api-sentinel-review-20260921t064944662185z-redis-1 Waiting 
 Container pf-api-sentinel-review-20260921t064944662185z-postgres-1 Waiting 
 Container pf-api-sentinel-review-20260921t064944662185z-receiver-1 Starting 
 Container pf-api-sentinel-review-20260921t064944662185z-jaeger-1 Starting 
 Container pf-api-sentinel-review-20260921t064944662185z-jaeger-1 Started 
 Container pf-api-sentinel-review-20260921t064944662185z-prometheus-1 Started 
 Container pf-api-sentinel-review-20260921t064944662185z-erp-1 Started 
 Container pf-api-sentinel-review-20260921t064944662185z-grafana-1 Started 
 Container pf-api-sentinel-review-20260921t064944662185z-receiver-1 Started 
 Container pf-api-sentinel-review-20260921t064944662185z-redis-1 Healthy 
 Container pf-api-sentinel-review-20260921t064944662185z-postgres-1 Healthy 
 Container pf-api-sentinel-review-20260921t064944662185z-api-1 Starting 
 Container pf-api-sentinel-review-20260921t064944662185z-alertmanager-1 Started 
 Container pf-api-sentinel-review-20260921t064944662185z-api-1 Started 
 Container pf-api-sentinel-review-20260921t064944662185z-api-2 Starting 
 Container pf-api-sentinel-review-20260921t064944662185z-api-2 Started 
 Container pf-api-sentinel-review-20260921t064944662185z-proxy-1 Starting 
 Container pf-api-sentinel-review-20260921t064944662185z-proxy-1 Started 
